%!Adobe-FontList 1.14
%Locale:0x409

%BeginFont
Handler:DirectoryHandler
FontType:Invalid
OutlineFileName:C:\Users\Desktop\Desktop\space\Font\entypo-selected.eot
FileModTime:1351704280
%EndFont

%BeginFont
Handler:DirectoryHandler
FontType:Invalid
OutlineFileName:C:\Users\Desktop\Desktop\space\Font\entypo-selected.svg
FileModTime:1351704280
%EndFont

%BeginFont
Handler:DirectoryHandler
FontType:TrueType
FontName:entypo-selected
FamilyName:entypo-selected
StyleName:selected
FullName:entypo-selected
MenuName:entypo-selected
StyleBits:0
WritingScript:Roman
OutlineFileName:C:\Users\Desktop\Desktop\space\Font\entypo-selected.ttf
DataFormat:sfntData
FileLength:5268
FileModTime:1351704280
WeightClass:500
WidthClass:5
AngleClass:0
%EndFont

%BeginFont
Handler:DirectoryHandler
FontType:Invalid
OutlineFileName:C:\Users\Desktop\Desktop\space\Font\entypo-selected.woff
FileModTime:1351704280
%EndFont

%BeginFont
Handler:DirectoryHandler
FontType:Invalid
OutlineFileName:C:\Users\Desktop\Desktop\space\Font\LICENSE.txt
FileModTime:1351704280
%EndFont

%BeginFont
Handler:DirectoryHandler
FontType:Invalid
OutlineFileName:C:\Users\Desktop\Desktop\space\Font\README.txt
FileModTime:1351704280
%EndFont

%BeginFont
Handler:DirectoryHandler
FontType:Invalid
OutlineFileName:C:\Users\Desktop\Desktop\space\Font\_notes\dwsync.xml
FileModTime:1373345975
%EndFont

